[hover-z] hit=true h=1.75 err=98.25 vz=-0.00 influence=0.000 mass=52.00 gravity=0.00 spring=9707.10 damping=0.00 total=9707.10
[hover-z] hit=true h=1.75 err=98.25 vz=-0.00 influence=0.000 mass=52.00 gravity=0.00 spring=9707.10 damping=0.00 total=9707.10
[hover-z] hit=true h=1.75 err=98.25 vz=-0.00 influence=0.000 mass=52.00 gravity=0.00 spring=9707.10 damping=0.00 total=9707.10
[hover-z] hit=true h=79.35 err=20.65 vz=913.48 influence=0.000 mass=52.00 gravity=0.00 spring=2040.39 damping=0.00 total=2040.39
[hover-z] hit=true h=249.71 err=-149.71 vz=578.80 influence=0.000 mass=52.00 gravity=0.00 spring=0.00 damping=0.00 total=0.00
[hover-z] hit=true h=355.70 err=-255.70 vz=351.19 influence=0.000 mass=52.00 gravity=0.00 spring=0.00 damping=0.00 total=0.00
[hover-z] hit=false h=400.00 err=-300.00 vz=183.98 influence=0.000 mass=52.00 gravity=0.00 spring=0.00 damping=0.00 total=0.00
[hover-z] hit=true h=202.61 err=-102.61 vz=-0.00 influence=0.000 mass=52.00 gravity=0.00 spring=0.00 damping=0.00 total=0.00
[hover-z] hit=true h=202.61 err=-102.61 vz=-0.00 influence=0.000 mass=52.00 gravity=0.00 spring=0.00 damping=0.00 total=0.00
[hover-z] hit=true h=202.61 err=-102.61 vz=-0.00 influence=0.000 mass=52.00 gravity=0.00 spring=0.00 damping=0.00 total=0.00
[hover-z] hit=true h=195.45 err=-95.45 vz=-0.00 influence=0.000 mass=52.00 gravity=0.00 spring=0.00 damping=0.00 total=0.00
[hover-z] hit=true h=195.45 err=-95.45 vz=-0.00 influence=0.000 mass=52.00 gravity=0.00 spring=0.00 damping=0.00 total=0.00
[hover-z] hit=true h=195.45 err=-95.45 vz=-0.00 influence=0.000 mass=52.00 gravity=0.00 spring=0.00 damping=0.00 total=0.00
[hover-z] hit=true h=195.45 err=-95.45 vz=-0.00 influence=0.000 mass=52.00 gravity=0.00 spring=0.00 damping=0.00 total=0.00
[hover-z] hit=true h=185.28 err=-85.28 vz=-105.71 influence=0.000 mass=52.00 gravity=0.00 spring=0.00 damping=0.00 total=0.00
[hover-z] hit=true h=148.44 err=-48.44 vz=-184.42 influence=0.051 mass=52.00 gravity=0.00 spring=0.00 damping=730.44 total=730.44
[hover-z] hit=true h=119.15 err=-19.15 vz=-88.15 influence=0.102 mass=52.00 gravity=0.00 spring=0.00 damping=702.77 total=702.77
[hover-z] hit=true h=106.14 err=-6.14 vz=-37.15 influence=0.201 mass=52.00 gravity=0.00 spring=0.00 damping=582.68 total=582.68
[hover-z] hit=true h=101.01 err=-1.01 vz=-13.07 influence=0.512 mass=52.00 gravity=0.00 spring=0.00 damping=521.92 total=521.92
[hover-z] hit=true h=99.88 err=0.12 vz=3.25 influence=0.000 mass=52.00 gravity=0.00 spring=12.34 damping=0.00 total=12.34
[hover-z] hit=true h=99.59 err=0.41 vz=-5.06 influence=1.000 mass=52.00 gravity=468.70 spring=40.93 damping=394.93 total=904.57
[hover-z] hit=true h=99.49 err=0.51 vz=3.46 influence=0.000 mass=52.00 gravity=0.00 spring=50.51 damping=0.00 total=50.51
[hover-z] hit=true h=99.32 err=0.68 vz=-4.36 influence=1.000 mass=52.00 gravity=468.70 spring=67.35 damping=339.84 total=875.90
[hover-z] hit=true h=99.22 err=0.78 vz=3.68 influence=0.000 mass=52.00 gravity=0.00 spring=77.34 damping=0.00 total=77.34
[hover-z] hit=true h=99.01 err=0.99 vz=-5.19 influence=1.000 mass=52.00 gravity=468.70 spring=97.60 damping=404.79 total=971.09
[hover-z] hit=true h=99.09 err=0.91 vz=3.69 influence=0.000 mass=52.00 gravity=0.00 spring=89.78 damping=0.00 total=89.78
[hover-z] hit=true h=98.96 err=1.04 vz=3.31 influence=0.000 mass=52.00 gravity=0.00 spring=103.11 damping=0.00 total=103.11
[hover-z] hit=true h=98.95 err=1.05 vz=-3.39 influence=1.000 mass=52.00 gravity=468.70 spring=103.80 damping=264.18 total=836.68
[hover-z] hit=true h=101.13 err=-1.13 vz=-13.78 influence=0.487 mass=52.00 gravity=0.00 spring=0.00 damping=523.82 total=523.82
[hover-z] hit=true h=99.93 err=0.07 vz=3.16 influence=0.000 mass=52.00 gravity=0.00 spring=7.17 damping=0.00 total=7.17
[hover-z] hit=true h=99.62 err=0.38 vz=-5.15 influence=1.000 mass=52.00 gravity=468.70 spring=37.48 damping=402.07 total=908.25
[hover-z] hit=true h=99.52 err=0.48 vz=3.46 influence=0.000 mass=52.00 gravity=0.00 spring=47.82 damping=0.00 total=47.82
[hover-z] hit=true h=95.30 err=4.70 vz=94.73 influence=0.000 mass=52.00 gravity=0.00 spring=463.92 damping=0.00 total=463.92
[hover-z] hit=true h=104.38 err=-4.38 vz=-21.62 influence=0.125 mass=52.00 gravity=0.00 spring=0.00 damping=210.67 total=210.67
[hover-z] hit=true h=100.43 err=-0.43 vz=-9.57 influence=0.688 mass=52.00 gravity=0.00 spring=0.00 damping=513.32 total=513.32
[hover-z] hit=true h=99.84 err=0.16 vz=3.26 influence=0.000 mass=52.00 gravity=0.00 spring=16.11 damping=0.00 total=16.11
[hover-z] hit=true h=99.56 err=0.44 vz=-4.98 influence=1.000 mass=52.00 gravity=468.70 spring=43.41 damping=388.64 total=900.76
[hover-z] hit=true h=99.47 err=0.53 vz=3.48 influence=0.000 mass=52.00 gravity=0.00 spring=52.11 damping=0.00 total=52.11
[hover-z] hit=true h=99.79 err=0.21 vz=-6.31 influence=1.000 mass=52.00 gravity=468.70 spring=21.11 damping=492.53 total=982.34
[hover-z] hit=true h=99.64 err=0.36 vz=3.37 influence=0.000 mass=52.00 gravity=0.00 spring=35.89 damping=0.00 total=35.89
[hover-z] hit=true h=99.33 err=0.67 vz=2.10 influence=0.000 mass=52.00 gravity=0.00 spring=65.93 damping=0.00 total=65.93
[hover-z] hit=true h=99.20 err=0.80 vz=-4.06 influence=1.000 mass=52.00 gravity=468.70 spring=78.55 damping=316.37 total=863.62
[hover-z] hit=true h=99.22 err=0.78 vz=3.62 influence=0.000 mass=52.00 gravity=0.00 spring=77.35 damping=0.00 total=77.35
[hover-z] hit=true h=99.13 err=0.87 vz=-3.88 influence=1.000 mass=52.00 gravity=468.70 spring=86.07 damping=302.48 total=857.25
[hover-z] hit=true h=99.16 err=0.84 vz=3.66 influence=0.000 mass=52.00 gravity=0.00 spring=82.70 damping=0.00 total=82.70
[hover-z] hit=true h=107.37 err=-7.37 vz=-42.27 influence=0.180 mass=52.00 gravity=0.00 spring=0.00 damping=592.90 total=592.90
[hover-z] hit=true h=101.45 err=-1.45 vz=-15.48 influence=0.437 mass=52.00 gravity=0.00 spring=0.00 damping=528.21 total=528.21
[hover-z] hit=true h=99.92 err=0.08 vz=3.23 influence=0.000 mass=52.00 gravity=0.00 spring=7.75 damping=0.00 total=7.75
[hover-z] hit=true h=99.62 err=0.38 vz=-5.13 influence=1.000 mass=52.00 gravity=468.70 spring=37.69 damping=400.39 total=906.77
[hover-z] hit=true h=99.51 err=0.49 vz=3.46 influence=0.000 mass=52.00 gravity=0.00 spring=48.03 damping=0.00 total=48.03
[hover-z] hit=true h=99.33 err=0.67 vz=-4.41 influence=1.000 mass=52.00 gravity=468.70 spring=65.83 damping=344.01 total=878.54
[hover-z] hit=true h=99.72 err=0.28 vz=3.34 influence=0.000 mass=52.00 gravity=0.00 spring=27.83 damping=0.00 total=27.83
[hover-z] hit=true h=98.29 err=1.71 vz=48.49 influence=0.000 mass=52.00 gravity=0.00 spring=168.87 damping=0.00 total=168.87
[hover-z] hit=true h=99.88 err=0.12 vz=-5.74 influence=1.000 mass=52.00 gravity=468.70 spring=11.74 damping=447.52 total=927.96
[hover-z] hit=true h=99.70 err=0.30 vz=3.35 influence=0.000 mass=52.00 gravity=0.00 spring=29.20 damping=0.00 total=29.20
[hover-z] hit=true h=99.47 err=0.53 vz=-4.75 influence=1.000 mass=52.00 gravity=468.70 spring=52.16 damping=370.66 total=891.52
[hover-z] hit=true h=99.41 err=0.59 vz=3.52 influence=0.000 mass=52.00 gravity=0.00 spring=57.96 damping=0.00 total=57.96
[hover-z] hit=true h=99.27 err=0.73 vz=-4.24 influence=1.000 mass=52.00 gravity=468.70 spring=72.20 damping=331.11 total=872.01
[hover-z] hit=true h=99.18 err=0.82 vz=3.71 influence=0.000 mass=52.00 gravity=0.00 spring=80.75 damping=0.00 total=80.75
[hover-z] hit=true h=100.95 err=-0.95 vz=-12.74 influence=0.524 mass=52.00 gravity=0.00 spring=0.00 damping=520.76 total=520.76
[hover-z] hit=true h=99.85 err=0.15 vz=3.27 influence=0.000 mass=52.00 gravity=0.00 spring=14.69 damping=0.00 total=14.69
[hover-z] hit=true h=96.52 err=3.48 vz=2.08 influence=0.000 mass=52.00 gravity=0.00 spring=343.52 damping=0.00 total=343.52
[hover-z] hit=true h=97.14 err=2.86 vz=3.71 influence=0.000 mass=52.00 gravity=0.00 spring=282.64 damping=0.00 total=282.64
[hover-z] hit=true h=97.58 err=2.42 vz=6.22 influence=0.000 mass=52.00 gravity=0.00 spring=238.96 damping=0.00 total=238.96
[hover-z] hit=true h=97.90 err=2.10 vz=6.14 influence=0.000 mass=52.00 gravity=0.00 spring=207.70 damping=0.00 total=207.70
[hover-z] hit=true h=98.11 err=1.89 vz=6.17 influence=0.000 mass=52.00 gravity=0.00 spring=187.21 damping=0.00 total=187.21
[hover-z] hit=true h=98.24 err=1.76 vz=6.18 influence=0.000 mass=52.00 gravity=0.00 spring=173.71 damping=0.00 total=173.71
[hover-z] hit=true h=98.33 err=1.67 vz=6.18 influence=0.000 mass=52.00 gravity=0.00 spring=165.00 damping=0.00 total=165.00
[hover-z] hit=true h=98.39 err=1.61 vz=6.19 influence=0.000 mass=52.00 gravity=0.00 spring=159.44 damping=0.00 total=159.44
[hover-z] hit=true h=98.42 err=1.58 vz=6.20 influence=0.000 mass=52.00 gravity=0.00 spring=155.77 damping=0.00 total=155.77
[hover-z] hit=true h=98.45 err=1.55 vz=6.20 influence=0.000 mass=52.00 gravity=0.00 spring=153.36 damping=0.00 total=153.36
[hover-z] hit=true h=98.46 err=1.54 vz=6.20 influence=0.000 mass=52.00 gravity=0.00 spring=151.77 damping=0.00 total=151.77
[hover-z] hit=true h=98.48 err=1.52 vz=6.21 influence=0.000 mass=52.00 gravity=0.00 spring=150.38 damping=0.00 total=150.38
[hover-z] hit=true h=98.49 err=1.51 vz=6.21 influence=0.000 mass=52.00 gravity=0.00 spring=149.45 damping=0.00 total=149.45
[hover-z] hit=true h=98.49 err=1.51 vz=6.21 influence=0.000 mass=52.00 gravity=0.00 spring=148.84 damping=0.00 total=148.84
[hover-z] hit=true h=98.50 err=1.50 vz=6.21 influence=0.000 mass=52.00 gravity=0.00 spring=148.43 damping=0.00 total=148.43
[hover-z] hit=true h=98.50 err=1.50 vz=6.21 influence=0.000 mass=52.00 gravity=0.00 spring=148.17 damping=0.00 total=148.17
[hover-z] hit=true h=98.59 err=1.41 vz=3.67 influence=0.000 mass=52.00 gravity=0.00 spring=139.21 damping=0.00 total=139.21
[hover-z] hit=true h=98.69 err=1.31 vz=-2.74 influence=1.000 mass=52.00 gravity=468.70 spring=129.07 damping=213.98 total=811.75
[hover-z] hit=true h=98.85 err=1.15 vz=3.84 influence=0.000 mass=52.00 gravity=0.00 spring=113.44 damping=0.00 total=113.44
[hover-z] hit=true h=98.86 err=1.14 vz=49.44 influence=0.000 mass=52.00 gravity=0.00 spring=112.28 damping=0.00 total=112.28
[hover-z] hit=true h=98.86 err=1.14 vz=102.07 influence=0.000 mass=52.00 gravity=0.00 spring=112.28 damping=0.00 total=112.28
[hover-z] hit=true h=98.86 err=1.14 vz=154.70 influence=0.000 mass=52.00 gravity=0.00 spring=112.28 damping=0.00 total=112.28
[hover-z] hit=true h=98.86 err=1.14 vz=207.33 influence=0.000 mass=52.00 gravity=0.00 spring=112.28 damping=0.00 total=112.28
[hover-z] hit=true h=98.86 err=1.14 vz=259.96 influence=0.000 mass=52.00 gravity=0.00 spring=112.28 damping=0.00 total=112.28
[hover-z] hit=true h=118.46 err=-18.46 vz=22.93 influence=0.000 mass=52.00 gravity=0.00 spring=0.00 damping=0.00 total=0.00
[hover-z] hit=true h=110.14 err=-10.14 vz=-53.51 influence=0.149 mass=52.00 gravity=0.00 spring=0.00 damping=620.30 total=620.30
